C:\Users\kks\.jdks\corretto-11.0.20.1\bin\jcmd.exe 19440 GC.class_histogram -all
19440:
 num     #instances         #bytes  class name (module)
-------------------------------------------------------
   1:          1587        1644432  [I (java.base@11.0.20.1)
   2:         14364         988904  [B (java.base@11.0.20.1)
   3:         11800         377600  java.util.HashMap$Node (java.base@11.0.20.1)
   4:         11605         278520  java.lang.String (java.base@11.0.20.1)
   5:           390         272944  [C (java.base@11.0.20.1)
   6:           906         193016  [Ljava.util.HashMap$Node; (java.base@11.0.20.1)
   7:          3868         192872  [Ljava.lang.Object; (java.base@11.0.20.1)
   8:          1219         148856  java.lang.Class (java.base@11.0.20.1)
   9:          3000          96000  java.util.concurrent.ConcurrentHashMap$Node (java.base@11.0.20.1)
  10:          1351          75656  jdk.internal.org.objectweb.asm.Item (java.base@11.0.20.1)
  11:          1184          47360  java.util.LinkedHashMap$Entry (java.base@11.0.20.1)
  12:           814          45536  [Ljava.lang.String; (java.base@11.0.20.1)
  13:           908          43584  java.nio.HeapCharBuffer (java.base@11.0.20.1)
  14:            51          40560  [Ljdk.internal.org.objectweb.asm.Item; (java.base@11.0.20.1)
  15:          1142          36544  java.lang.invoke.MethodType$ConcurrentWeakInternSet$WeakEntry (java.base@11.0.20.1)
  16:            94          35040  [Ljava.util.concurrent.ConcurrentHashMap$Node; (java.base@11.0.20.1)
  17:           854          34160  java.lang.invoke.MethodType (java.base@11.0.20.1)
  18:           687          32976  java.util.HashMap (java.base@11.0.20.1)
  19:          1124          32136  [Ljava.lang.Class; (java.base@11.0.20.1)
  20:           640          30720  java.lang.invoke.MemberName (java.base@11.0.20.1)
  21:           582          23280  java.util.HashMap$KeyIterator (java.base@11.0.20.1)
  22:           817          19608  java.lang.StringBuilder (java.base@11.0.20.1)
  23:            75          16800  jdk.internal.org.objectweb.asm.MethodWriter (java.base@11.0.20.1)
  24:           500          16000  java.util.Formatter$FixedString (java.base@11.0.20.1)
  25:           400          16000  java.util.Formatter$FormatSpecifier (java.base@11.0.20.1)
  26:           610          14640  java.util.ImmutableCollections$Set12$1 (java.base@11.0.20.1)
  27:           400          14400  [Ljava.util.Formatter$Flags; (java.base@11.0.20.1)
  28:           593          14232  java.util.ImmutableCollections$SetN$SetNIterator (java.base@11.0.20.1)
  29:           379          12128  java.lang.invoke.LambdaForm$Name (java.base@11.0.20.1)
  30:           172          11696  [Ljava.lang.ref.SoftReference; (java.base@11.0.20.1)
  31:           130          11440  java.lang.reflect.Method (java.base@11.0.20.1)
  32:           204           9872  [Ljava.lang.invoke.LambdaForm$Name; (java.base@11.0.20.1)
  33:           401           9624  java.lang.module.ModuleDescriptor$Exports (java.base@11.0.20.1)
  34:           551           8816  java.util.Optional (java.base@11.0.20.1)
  35:            64           8552  [J (java.base@11.0.20.1)
  36:           123           7872  java.nio.DirectByteBufferR (java.base@11.0.20.1)
  37:           463           7408  java.util.HashSet (java.base@11.0.20.1)
  38:           100           7200  java.util.regex.Matcher (java.base@11.0.20.1)
  39:            38           6688  jdk.internal.org.objectweb.asm.ClassWriter (java.base@11.0.20.1)
  40:           410           6560  java.util.Formatter$Flags (java.base@11.0.20.1)
  41:           269           6456  java.util.ImmutableCollections$Set12 (java.base@11.0.20.1)
  42:           110           6160  java.lang.invoke.MethodTypeForm (java.base@11.0.20.1)
  43:           252           6048  java.lang.invoke.ResolvedMethodName (java.base@11.0.20.1)
  44:           188           6016  java.lang.module.ModuleDescriptor$Requires (java.base@11.0.20.1)
  45:            74           5920  java.net.URI (java.base@11.0.20.1)
  46:           237           5688  java.util.KeyValueHolder (java.base@11.0.20.1)
  47:             6           5648  [[Ljava.lang.Object; (java.base@11.0.20.1)
  48:            88           5632  jdk.internal.org.objectweb.asm.Label (java.base@11.0.20.1)
  49:            85           5440  java.util.concurrent.ConcurrentHashMap (java.base@11.0.20.1)
  50:           215           5160  java.util.ArrayList (java.base@11.0.20.1)
  51:           215           5160  jdk.internal.org.objectweb.asm.ByteVector (java.base@11.0.20.1)
  52:            80           5120  java.net.URL (java.base@11.0.20.1)
  53:           125           5000  java.lang.ref.SoftReference (java.base@11.0.20.1)
  54:            61           4880  java.lang.reflect.Constructor (java.base@11.0.20.1)
  55:           100           4800  erxercise.chapter_42.Customer
  56:           150           4800  java.util.ArrayList$Itr (java.base@11.0.20.1)
  57:           297           4752  java.lang.Integer (java.base@11.0.20.1)
  58:           296           4736  java.lang.Byte (java.base@11.0.20.1)
  59:            74           4736  java.util.stream.ReferencePipeline$2 (java.base@11.0.20.1)
  60:            65           4624  [Ljava.lang.invoke.MethodHandle; (java.base@11.0.20.1)
  61:            72           4608  java.lang.module.ModuleDescriptor (java.base@11.0.20.1)
  62:           173           4152  jdk.internal.module.ServicesCatalog$ServiceProvider (java.base@11.0.20.1)
  63:            74           4144  java.util.stream.ReferencePipeline$Head (java.base@11.0.20.1)
  64:           169           4056  java.util.ImmutableCollections$SetN (java.base@11.0.20.1)
  65:            72           4032  jdk.internal.module.Builder (java.base@11.0.20.1)
  66:            72           4032  jdk.internal.module.ModuleReferenceImpl (java.base@11.0.20.1)
  67:           166           3984  java.util.concurrent.ConcurrentHashMap$MapEntry (java.base@11.0.20.1)
  68:            68           3808  java.lang.Module (java.base@11.0.20.1)
  69:            90           3600  java.math.BigInteger (java.base@11.0.20.1)
  70:            64           3584  jdk.internal.org.objectweb.asm.AnnotationWriter (java.base@11.0.20.1)
  71:           110           3520  java.lang.invoke.LambdaForm$NamedFunction (java.base@11.0.20.1)
  72:            72           3456  java.lang.invoke.LambdaForm (java.base@11.0.20.1)
  73:             9           3312  java.lang.Thread (java.base@11.0.20.1)
  74:           197           3152  java.util.Collections$UnmodifiableSet (java.base@11.0.20.1)
  75:            73           2920  java.util.Spliterators$IteratorSpliterator (java.base@11.0.20.1)
  76:            72           2888  [Ljava.lang.module.ModuleDescriptor$Exports; (java.base@11.0.20.1)
  77:           177           2832  java.lang.Object (java.base@11.0.20.1)
  78:            25           2600  java.lang.invoke.InnerClassLambdaMetafactory (java.base@11.0.20.1)
  79:            40           2560  java.lang.Class$ReflectionData (java.base@11.0.20.1)
  80:            51           2448  sun.util.locale.LocaleObjectCache$CacheEntry (java.base@11.0.20.1)
  81:           145           2320  java.util.HashMap$KeySet (java.base@11.0.20.1)
  82:            40           2240  java.lang.invoke.LambdaFormEditor$Transform (java.base@11.0.20.1)
  83:            66           2112  java.lang.invoke.LambdaForm$Kind (java.base@11.0.20.1)
  84:            72           2080  [Ljava.lang.module.ModuleDescriptor$Requires; (java.base@11.0.20.1)
  85:             2           2080  [[C (java.base@11.0.20.1)
  86:            64           2048  java.util.concurrent.ConcurrentHashMap$ReservationNode (java.base@11.0.20.1)
  87:            62           1984  java.lang.invoke.DirectMethodHandle (java.base@11.0.20.1)
  88:            81           1944  java.util.ImmutableCollections$List12 (java.base@11.0.20.1)
  89:            57           1824  java.util.ImmutableCollections$ListItr (java.base@11.0.20.1)
  90:            74           1776  java.util.stream.ReferencePipeline$2$1 (java.base@11.0.20.1)
  91:            73           1752  java.util.concurrent.CopyOnWriteArrayList (java.base@11.0.20.1)
  92:            72           1728  java.util.stream.FindOps$FindSink$OfRef (java.base@11.0.20.1)
  93:            72           1728  jdk.internal.module.SystemModuleFinders$2 (java.base@11.0.20.1)
  94:            71           1704  java.lang.module.ModuleDescriptor$Provides (java.base@11.0.20.1)
  95:            67           1608  java.util.Collections$UnmodifiableCollection$1 (java.base@11.0.20.1)
  96:           100           1600  [Ljava.util.regex.IntHashSet; (java.base@11.0.20.1)
  97:            72           1568  [Ljava.lang.module.ModuleDescriptor$Provides; (java.base@11.0.20.1)
  98:            65           1560  java.lang.invoke.MethodHandles$Lookup (java.base@11.0.20.1)
  99:            38           1520  java.io.ObjectStreamField (java.base@11.0.20.1)
 100:            62           1488  java.lang.module.ResolvedModule (java.base@11.0.20.1)
 101:            62           1488  jdk.internal.loader.BuiltinClassLoader$5 (java.base@11.0.20.1)
 102:            62           1488  jdk.internal.loader.BuiltinClassLoader$LoadedModule (java.base@11.0.20.1)
 103:            62           1488  jdk.internal.module.ModuleBootstrap$2 (java.base@11.0.20.1)
 104:            62           1488  jdk.internal.module.SystemModuleFinders$SystemModuleReader (java.base@11.0.20.1)
 105:            36           1440  java.lang.invoke.DirectMethodHandle$Accessor (java.base@11.0.20.1)
 106:            30           1440  java.time.temporal.ValueRange (java.base@11.0.20.1)
 107:            30           1440  jdk.internal.ref.CleanerImpl$PhantomCleanableRef (java.base@11.0.20.1)
 108:             1           1424  [[B (java.base@11.0.20.1)
 109:            58           1392  java.time.LocalDateTime (java.base@11.0.20.1)
 110:             7           1264  [Ljava.util.Map$Entry; (java.base@11.0.20.1)
 111:            26           1248  jdk.internal.org.objectweb.asm.Frame (java.base@11.0.20.1)
 112:            30           1200  java.time.temporal.ChronoField (java.base@11.0.20.1)
 113:            38           1184  [Ljava.math.BigInteger; (java.base@11.0.20.1)
 114:            37           1184  sun.util.locale.BaseLocale (java.base@11.0.20.1)
 115:            37           1184  sun.util.locale.BaseLocale$Key (java.base@11.0.20.1)
 116:            72           1176  [Ljava.lang.module.ModuleDescriptor$Opens; (java.base@11.0.20.1)
 117:             4           1128  [Ljava.lang.Integer; (java.base@11.0.20.1)
 118:            35           1120  java.io.File (java.base@11.0.20.1)
 119:            67           1072  jdk.internal.module.SystemModuleFinders$3 (java.base@11.0.20.1)
 120:             1           1040  [Ljava.lang.Byte; (java.base@11.0.20.1)
 121:            43           1032  [Ljava.lang.reflect.Constructor; (java.base@11.0.20.1)
 122:            20           1024  [Lsun.invoke.util.Wrapper; (java.base@11.0.20.1)
 123:            42           1008  java.time.LocalDate (java.base@11.0.20.1)
 124:            18           1008  java.util.concurrent.ConcurrentHashMap$ValueIterator (java.base@11.0.20.1)
 125:            31            992  java.lang.invoke.VarHandle$AccessMode (java.base@11.0.20.1)
 126:            41            984  java.util.jar.Attributes$Name (java.base@11.0.20.1)
 127:            28            896  java.time.zone.ZoneOffsetTransition (java.base@11.0.20.1)
 128:            14            896  jdk.internal.org.objectweb.asm.FieldWriter (java.base@11.0.20.1)
 129:            28            896  jdk.internal.org.objectweb.asm.Type (java.base@11.0.20.1)
 130:             6            864  [Ljava.lang.invoke.VarHandle$AccessMode; (java.base@11.0.20.1)
 131:            17            832  [Ljava.lang.reflect.Method; (java.base@11.0.20.1)
 132:             4            832  [Z (java.base@11.0.20.1)
 133:            13            832  java.lang.invoke.InvokerBytecodeGenerator (java.base@11.0.20.1)
 134:            26            832  java.util.concurrent.ConcurrentHashMap$ForwardingNode (java.base@11.0.20.1)
 135:            25            800  java.util.Locale (java.base@11.0.20.1)
 136:            23            736  sun.util.resources.Bundles$CacheKey (java.base@11.0.20.1)
 137:            30            720  jdk.internal.reflect.NativeConstructorAccessorImpl (java.base@11.0.20.1)
 138:            22            704  java.lang.ref.ReferenceQueue (java.base@11.0.20.1)
 139:            29            696  java.time.LocalTime (java.base@11.0.20.1)
 140:            14            672  java.lang.invoke.LambdaFormBuffer (java.base@11.0.20.1)
 141:             3            624  [Ljava.lang.invoke.LambdaForm; (java.base@11.0.20.1)
 142:            26            624  java.lang.invoke.ConstantCallSite (java.base@11.0.20.1)
 143:            26            624  java.lang.invoke.MethodHandleNatives$CallSiteContext (java.base@11.0.20.1)
 144:            25            600  java.lang.invoke.InfoFromMemberName (java.base@11.0.20.1)
 145:            25            600  java.lang.invoke.InnerClassLambdaMetafactory$ForwardingMethodGenerator (java.base@11.0.20.1)
 146:            37            592  java.util.ImmutableCollections$ListN (java.base@11.0.20.1)
 147:             4            576  [Ljava.lang.invoke.MemberName; (java.base@11.0.20.1)
 148:             2            560  [Ljava.lang.invoke.LambdaForm$Kind; (java.base@11.0.20.1)
 149:            14            560  java.lang.invoke.MethodHandleImpl$IntrinsicMethodHandle (java.base@11.0.20.1)
 150:            14            560  java.security.AccessControlContext (java.base@11.0.20.1)
 151:             7            560  java.util.concurrent.TimeUnit (java.base@11.0.20.1)
 152:            17            544  java.lang.invoke.BoundMethodHandle$Species_L (java.base@11.0.20.1)
 153:            14            528  [Ljava.lang.invoke.LambdaForm$NamedFunction; (java.base@11.0.20.1)
 154:            11            528  java.nio.HeapByteBuffer (java.base@11.0.20.1)
 155:            16            512  java.lang.invoke.SimpleMethodHandle (java.base@11.0.20.1)
 156:             8            512  java.nio.DirectByteBuffer (java.base@11.0.20.1)
 157:            16            512  java.time.temporal.ChronoUnit (java.base@11.0.20.1)
 158:            12            480  java.security.CodeSource (java.base@11.0.20.1)
 159:            30            480  jdk.internal.reflect.DelegatingConstructorAccessorImpl (java.base@11.0.20.1)
 160:            10            480  sun.invoke.util.Wrapper (java.base@11.0.20.1)
 161:            14            472  [Ljdk.internal.org.objectweb.asm.Type; (java.base@11.0.20.1)
 162:             8            448  sun.util.calendar.ZoneInfo (java.base@11.0.20.1)
 163:            11            440  java.util.WeakHashMap$Entry (java.base@11.0.20.1)
 164:             9            432  java.lang.invoke.BoundMethodHandle$SpeciesData (java.base@11.0.20.1)
 165:             6            416  [S (java.base@11.0.20.1)
 166:            26            416  java.lang.invoke.LambdaFormEditor (java.base@11.0.20.1)
 167:             4            416  java.util.jar.JarFile$JarFileEntry (java.base@11.0.20.1)
 168:            17            408  java.time.Duration (java.base@11.0.20.1)
 169:            10            400  java.io.FileDescriptor (java.base@11.0.20.1)
 170:            10            400  java.lang.OutOfMemoryError (java.base@11.0.20.1)
 171:            10            400  sun.util.locale.LanguageTag (java.base@11.0.20.1)
 172:            13            384  [Ljava.io.ObjectStreamField; (java.base@11.0.20.1)
 173:            24            384  java.lang.ref.ReferenceQueue$Lock (java.base@11.0.20.1)
 174:             8            384  sun.util.resources.Bundles$BundleReference (java.base@11.0.20.1)
 175:             1            376  com.intellij.rt.execution.application.AppMainV2$1
 176:             1            376  java.lang.ref.Finalizer$FinalizerThread (java.base@11.0.20.1)
 177:             1            376  jdk.internal.misc.InnocuousThread (java.base@11.0.20.1)
 178:             1            368  java.lang.ref.Reference$ReferenceHandler (java.base@11.0.20.1)
 179:             9            360  [Ljava.lang.invoke.BoundMethodHandle$SpeciesData; (java.base@11.0.20.1)
 180:             6            336  java.io.FileCleanable (java.base@11.0.20.1)
 181:            14            336  java.lang.invoke.Invokers (java.base@11.0.20.1)
 182:             6            336  java.nio.DirectLongBufferU (java.base@11.0.20.1)
 183:             6            336  java.util.LinkedHashMap (java.base@11.0.20.1)
 184:             2            328  [D (java.base@11.0.20.1)
 185:             8            328  [Ljava.lang.invoke.MethodType; (java.base@11.0.20.1)
 186:             4            320  [Ljava.util.WeakHashMap$Entry; (java.base@11.0.20.1)
 187:             5            320  sun.nio.cs.DoubleByte$Decoder (java.base@11.0.20.1)
 188:            13            312  java.io.ExpiringCache$Entry (java.base@11.0.20.1)
 189:            13            312  java.lang.invoke.InnerClassLambdaMetafactory$1 (java.base@11.0.20.1)
 190:            13            312  java.lang.invoke.InvokerBytecodeGenerator$CpPatch (java.base@11.0.20.1)
 191:             1            304  [Ljava.lang.module.ModuleDescriptor; (java.base@11.0.20.1)
 192:             1            304  [Ljava.lang.module.ModuleReference; (java.base@11.0.20.1)
 193:             1            304  [Ljdk.internal.module.ModuleHashes; (java.base@11.0.20.1)
 194:             1            304  [Ljdk.internal.module.ModuleResolution; (java.base@11.0.20.1)
 195:             1            304  [Ljdk.internal.module.ModuleTarget; (java.base@11.0.20.1)
 196:             9            288  java.lang.ThreadLocal$ThreadLocalMap$Entry (java.base@11.0.20.1)
 197:            12            288  java.net.StandardSocketOptions$StdSocketOption (java.base@11.0.20.1)
 198:             7            280  [Ljava.util.stream.StreamOpFlag$Type; (java.base@11.0.20.1)
 199:             7            280  [Ljava.util.stream.StreamOpFlag; (java.base@11.0.20.1)
 200:             3            280  [[Ljava.lang.String; (java.base@11.0.20.1)
 201:             7            280  java.security.ProtectionDomain (java.base@11.0.20.1)
 202:             7            280  java.util.HashMap$EntryIterator (java.base@11.0.20.1)
 203:             7            280  java.util.HashMap$ValueIterator (java.base@11.0.20.1)
 204:             5            280  java.util.Properties (java.base@11.0.20.1)
 205:             5            280  java.util.concurrent.ConcurrentHashMap$EntryIterator (java.base@11.0.20.1)
 206:             7            280  sun.util.locale.InternalLocaleBuilder (java.base@11.0.20.1)
 207:            17            272  sun.invoke.util.ValueConversions$WrapperCache (java.base@11.0.20.1)
 208:             1            264  [Ljava.lang.module.ResolvedModule; (java.base@11.0.20.1)
 209:            11            264  java.lang.invoke.MethodHandleImpl$Intrinsic (java.base@11.0.20.1)
 210:             2            256  [Ljava.time.LocalDateTime; (java.base@11.0.20.1)
 211:             3            240  [Ljava.lang.ThreadLocal$ThreadLocalMap$Entry; (java.base@11.0.20.1)
 212:             6            240  java.io.FileInputStream (java.base@11.0.20.1)
 213:             6            240  java.lang.ClassLoader$NativeLibrary (java.base@11.0.20.1)
 214:            10            240  java.nio.charset.CoderResult (java.base@11.0.20.1)
 215:            10            240  java.nio.file.StandardOpenOption (java.base@11.0.20.1)
 216:             5            240  java.util.zip.ZipFile$ZipFileInputStream (java.base@11.0.20.1)
 217:             7            224  java.util.Hashtable$Entry (java.base@11.0.20.1)
 218:             7            224  java.util.ImmutableCollections$MapN (java.base@11.0.20.1)
 219:             4            224  java.util.ServiceLoader (java.base@11.0.20.1)
 220:             9            216  java.lang.Class$1 (java.base@11.0.20.1)
 221:             9            216  java.security.SecureClassLoader$1 (java.base@11.0.20.1)
 222:             9            216  java.time.ZoneOffset (java.base@11.0.20.1)
 223:             9            216  java.util.regex.Pattern$BmpCharProperty (java.base@11.0.20.1)
 224:             3            216  sun.nio.cs.DoubleByte$Encoder (java.base@11.0.20.1)
 225:             5            200  [Ljava.lang.invoke.VarHandle$AccessType; (java.base@11.0.20.1)
 226:             5            200  java.lang.invoke.VarHandleObjects$FieldInstanceReadWrite (java.base@11.0.20.1)
 227:             5            200  java.util.EnumMap (java.base@11.0.20.1)
 228:             5            200  java.util.stream.StreamOpFlag (java.base@11.0.20.1)
 229:             5            200  sun.util.locale.StringTokenIterator (java.base@11.0.20.1)
 230:             4            192  [Ljava.util.Hashtable$Entry; (java.base@11.0.20.1)
 231:             6            192  java.lang.invoke.LambdaForm$BasicType (java.base@11.0.20.1)
 232:             6            192  java.util.ArrayDeque$DeqIterator (java.base@11.0.20.1)
 233:             4            192  java.util.Hashtable (java.base@11.0.20.1)
 234:             4            192  sun.nio.cs.StreamEncoder (java.base@11.0.20.1)
 235:             2            192  sun.util.calendar.Gregorian$Date (java.base@11.0.20.1)
 236:             6            192  sun.util.locale.provider.LocaleResources (java.base@11.0.20.1)
 237:             4            192  sun.util.locale.provider.LocaleResources$ResourceReference (java.base@11.0.20.1)
 238:             2            176  [Ljava.time.ZoneOffset; (java.base@11.0.20.1)
 239:             2            168  [Ljava.lang.ClassValue$Entry; (java.base@11.0.20.1)
 240:             1            168  [[Ljava.math.BigInteger; (java.base@11.0.20.1)
 241:             7            168  java.lang.WeakPairMap$Pair$Lookup (java.base@11.0.20.1)
 242:             7            168  sun.util.resources.LocaleData$1 (java.base@11.0.20.1)
 243:             4            160  [Ljava.lang.invoke.LambdaForm$BasicType; (java.base@11.0.20.1)
 244:             4            160  java.io.BufferedInputStream (java.base@11.0.20.1)
 245:             4            160  java.io.BufferedWriter (java.base@11.0.20.1)
 246:             5            160  java.lang.invoke.VarHandle$AccessType (java.base@11.0.20.1)
 247:             5            160  java.util.RegularEnumSet (java.base@11.0.20.1)
 248:             4            160  java.util.ServiceLoader$LazyClassPathLookupIterator (java.base@11.0.20.1)
 249:             5            160  java.util.regex.Pattern$Branch (java.base@11.0.20.1)
 250:             5            160  sun.util.locale.provider.LocaleProviderAdapter$Type (java.base@11.0.20.1)
 251:             3            144  java.lang.ThreadGroup (java.base@11.0.20.1)
 252:             6            144  java.lang.invoke.StringConcatFactory$Strategy (java.base@11.0.20.1)
 253:             9            144  java.security.SecureClassLoader$CodeSourceKey (java.base@11.0.20.1)
 254:             6            144  java.util.Arrays$ArrayItr (java.base@11.0.20.1)
 255:             6            144  java.util.Arrays$ArrayList (java.base@11.0.20.1)
 256:             6            144  java.util.LinkedList$Node (java.base@11.0.20.1)
 257:             3            144  java.util.StringTokenizer (java.base@11.0.20.1)
 258:             3            144  java.util.WeakHashMap (java.base@11.0.20.1)
 259:             6            144  java.util.regex.Pattern$GroupHead (java.base@11.0.20.1)
 260:             6            144  java.util.regex.Pattern$GroupTail (java.base@11.0.20.1)
 261:             6            144  jdk.internal.perf.PerfCounter (java.base@11.0.20.1)
 262:             1            136  [Ljava.time.temporal.ChronoField; (java.base@11.0.20.1)
 263:             4            136  [Lsun.invoke.util.ValueConversions$WrapperCache; (java.base@11.0.20.1)
 264:             2            128  [Ljava.lang.invoke.MethodHandleImpl$Intrinsic; (java.base@11.0.20.1)
 265:             4            128  java.io.DataInputStream (java.base@11.0.20.1)
 266:             2            128  java.io.ExpiringCache$1 (java.base@11.0.20.1)
 267:             8            128  java.lang.ClassLoader$2 (java.base@11.0.20.1)
 268:             4            128  java.lang.ClassValue$Entry (java.base@11.0.20.1)
 269:             4            128  java.util.ServiceLoader$ModuleServicesLookupIterator (java.base@11.0.20.1)
 270:             4            128  java.util.ServiceLoader$ProviderImpl (java.base@11.0.20.1)
 271:             2            128  java.util.stream.ReferencePipeline$3 (java.base@11.0.20.1)
 272:             5            120  [Ljava.util.regex.Pattern$Node; (java.base@11.0.20.1)
 273:             3            120  java.lang.invoke.BoundMethodHandle$Species_LL (java.base@11.0.20.1)
 274:             3            120  java.lang.invoke.DirectMethodHandle$Special (java.base@11.0.20.1)
 275:             5            120  java.lang.module.ModuleDescriptor$Opens (java.base@11.0.20.1)
 276:             5            120  java.util.ArrayDeque (java.base@11.0.20.1)
 277:             5            120  java.util.Collections$SynchronizedSet (java.base@11.0.20.1)
 278:             5            120  java.util.ServiceLoader$3 (java.base@11.0.20.1)
 279:             5            120  java.util.regex.Pattern$Ques (java.base@11.0.20.1)
 280:             5            120  java.util.stream.StreamOpFlag$Type (java.base@11.0.20.1)
 281:             1            120  jdk.internal.loader.ClassLoaders$AppClassLoader (java.base@11.0.20.1)
 282:             3            120  jdk.internal.loader.URLClassPath$JarLoader$2 (java.base@11.0.20.1)
 283:             5            120  sun.nio.fs.WindowsPathType (java.base@11.0.20.1)
 284:             5            120  sun.util.locale.ParseStatus (java.base@11.0.20.1)
 285:             7            112  [Ljava.security.Principal; (java.base@11.0.20.1)
 286:             1            112  [Ljava.time.LocalTime; (java.base@11.0.20.1)
 287:             7            112  java.lang.ThreadLocal (java.base@11.0.20.1)
 288:             2            112  java.nio.DirectIntBufferRU (java.base@11.0.20.1)
 289:             7            112  java.security.ProtectionDomain$Key (java.base@11.0.20.1)
 290:             1            112  jdk.internal.loader.ClassLoaders$BootClassLoader (java.base@11.0.20.1)
 291:             1            112  jdk.internal.loader.ClassLoaders$PlatformClassLoader (java.base@11.0.20.1)
 292:             1            104  java.net.SocksSocketImpl (java.base@11.0.20.1)
 293:             3             96  [Ljava.lang.Thread; (java.base@11.0.20.1)
 294:             4             96  java.io.OutputStreamWriter (java.base@11.0.20.1)
 295:             3             96  java.lang.Runtime$Version (java.base@11.0.20.1)
 296:             3             96  java.lang.StringCoding$StringEncoder (java.base@11.0.20.1)
 297:             2             96  java.lang.invoke.BoundMethodHandle$Species_LLLL (java.base@11.0.20.1)
 298:             4             96  java.lang.invoke.VarForm (java.base@11.0.20.1)
 299:             4             96  java.lang.module.ModuleDescriptor$Modifier (java.base@11.0.20.1)
 300:             4             96  java.lang.module.ModuleDescriptor$Requires$Modifier (java.base@11.0.20.1)
 301:             3             96  java.lang.ref.WeakReference (java.base@11.0.20.1)
 302:             3             96  java.nio.file.attribute.FileTime (java.base@11.0.20.1)
 303:             3             96  java.security.Permissions (java.base@11.0.20.1)
 304:             3             96  java.util.Collections$UnmodifiableMap (java.base@11.0.20.1)
 305:             6             96  java.util.HashMap$EntrySet (java.base@11.0.20.1)
 306:             4             96  java.util.ServiceLoader$1 (java.base@11.0.20.1)
 307:             4             96  java.util.ServiceLoader$2 (java.base@11.0.20.1)
 308:             3             96  java.util.Vector (java.base@11.0.20.1)
 309:             6             96  java.util.jar.JarFile$1 (java.base@11.0.20.1)
 310:             4             96  java.util.regex.Pattern$BmpCharPropertyGreedy (java.base@11.0.20.1)
 311:             4             96  java.util.regex.Pattern$Qtype (java.base@11.0.20.1)
 312:             4             96  java.util.stream.StreamShape (java.base@11.0.20.1)
 313:             4             96  jdk.internal.jimage.ImageLocation (java.base@11.0.20.1)
 314:             1             96  jdk.internal.jimage.ImageReader$SharedImageReader (java.base@11.0.20.1)
 315:             3             96  jdk.internal.loader.BuiltinClassLoader$1 (java.base@11.0.20.1)
 316:             3             96  sun.net.spi.DefaultProxySelector$NonProxyInfo (java.base@11.0.20.1)
 317:             2             96  sun.nio.cs.ISO_8859_1$Encoder (java.base@11.0.20.1)
 318:             2             96  sun.nio.cs.UTF_8$Encoder (java.base@11.0.20.1)
 319:             3             96  sun.security.util.LazyCodeSourcePermissionCollection (java.base@11.0.20.1)
 320:             1             88  java.util.regex.Pattern (java.base@11.0.20.1)
 321:             2             80  [Ljava.lang.invoke.StringConcatFactory$Strategy; (java.base@11.0.20.1)
 322:             1             80  [Ljava.time.temporal.ChronoUnit; (java.base@11.0.20.1)
 323:             2             80  [Lsun.util.locale.provider.LocaleProviderAdapter$Type; (java.base@11.0.20.1)
 324:             2             80  java.io.ExpiringCache (java.base@11.0.20.1)
 325:             5             80  java.io.FileInputStream$1 (java.base@11.0.20.1)
 326:             2             80  java.io.FileOutputStream (java.base@11.0.20.1)
 327:             2             80  java.io.PrintStream (java.base@11.0.20.1)
 328:             2             80  java.lang.ModuleLayer (java.base@11.0.20.1)
 329:             2             80  java.lang.VirtualMachineError (java.base@11.0.20.1)
 330:             2             80  java.lang.invoke.DirectMethodHandle$Constructor (java.base@11.0.20.1)
 331:             2             80  java.lang.module.Configuration (java.base@11.0.20.1)
 332:             2             80  java.util.Locale$Category (java.base@11.0.20.1)
 333:             5             80  java.util.Properties$EntrySet (java.base@11.0.20.1)
 334:             5             80  java.util.ResourceBundle$ResourceBundleProviderHelper$$Lambda$21/0x000000080009f440 (java.base@11.0.20.1)
 335:             5             80  java.util.regex.Pattern$BranchConn (java.base@11.0.20.1)
 336:             5             80  java.util.stream.StreamOpFlag$MaskBuilder (java.base@11.0.20.1)
 337:             2             80  sun.nio.fs.WindowsPath (java.base@11.0.20.1)
 338:             1             80  sun.util.cldr.CLDRLocaleProviderAdapter (java.base@11.0.20.1)
 339:             1             80  sun.util.locale.provider.JRELocaleProviderAdapter (java.base@11.0.20.1)
 340:             1             80  sun.util.locale.provider.LocaleProviderAdapter$NonExistentAdapter (java.base@11.0.20.1)
 341:             3             72  [Ljava.security.ProtectionDomain; (java.base@11.0.20.1)
 342:             3             72  java.io.ByteArrayOutputStream (java.base@11.0.20.1)
 343:             3             72  java.lang.NamedPackage (java.base@11.0.20.1)
 344:             3             72  java.lang.PublicMethods$MethodList (java.base@11.0.20.1)
 345:             3             72  java.lang.StringCoding$Result (java.base@11.0.20.1)
 346:             3             72  java.lang.ThreadLocal$ThreadLocalMap (java.base@11.0.20.1)
 347:             3             72  java.lang.WeakPairMap (java.base@11.0.20.1)
 348:             3             72  java.lang.invoke.StringConcatFactory$Mode (java.base@11.0.20.1)
 349:             3             72  java.net.Proxy$Type (java.base@11.0.20.1)
 350:             1             72  java.text.DecimalFormatSymbols (java.base@11.0.20.1)
 351:             3             72  java.util.Collections$SetFromMap (java.base@11.0.20.1)
 352:             3             72  java.util.concurrent.CopyOnWriteArrayList$COWIterator (java.base@11.0.20.1)
 353:             3             72  java.util.concurrent.atomic.AtomicLong (java.base@11.0.20.1)
 354:             3             72  java.util.regex.Pattern$BitClass (java.base@11.0.20.1)
 355:             3             72  java.util.stream.Collector$Characteristics (java.base@11.0.20.1)
 356:             1             72  java.util.zip.ZipFile$Source (java.base@11.0.20.1)
 357:             3             72  jdk.internal.jimage.BasicImageReader$1 (java.base@11.0.20.1)
 358:             3             72  jdk.internal.loader.BuiltinClassLoader$2 (java.base@11.0.20.1)
 359:             3             72  jdk.internal.module.IllegalAccessLogger$Mode (java.base@11.0.20.1)
 360:             3             72  jdk.internal.reflect.NativeMethodAccessorImpl (java.base@11.0.20.1)
 361:             3             72  sun.nio.fs.WindowsPathParser$Result (java.base@11.0.20.1)
 362:             3             72  sun.security.action.GetPropertyAction (java.base@11.0.20.1)
 363:             2             64  [Ljava.lang.invoke.StringConcatFactory$Mode; (java.base@11.0.20.1)
 364:             2             64  [Ljava.nio.charset.CoderResult; (java.base@11.0.20.1)
 365:             2             64  [Ljava.util.stream.Collector$Characteristics; (java.base@11.0.20.1)
 366:             2             64  java.io.BufferedOutputStream (java.base@11.0.20.1)
 367:             2             64  java.io.ByteArrayInputStream (java.base@11.0.20.1)
 368:             1             64  java.lang.ClassValue$ClassValueMap (java.base@11.0.20.1)
 369:             2             64  java.lang.Package (java.base@11.0.20.1)
 370:             2             64  java.lang.StringCoding$StringDecoder (java.base@11.0.20.1)
 371:             1             64  java.lang.invoke.BoundMethodHandle$Species_LLLLLLII (java.base@11.0.20.1)
 372:             2             64  java.lang.ref.ReferenceQueue$Null (java.base@11.0.20.1)
 373:             2             64  java.net.URI$Parser (java.base@11.0.20.1)
 374:             2             64  java.security.BasicPermissionCollection (java.base@11.0.20.1)
 375:             4             64  java.util.LinkedHashMap$LinkedKeySet (java.base@11.0.20.1)
 376:             2             64  java.util.LinkedList (java.base@11.0.20.1)
 377:             4             64  java.util.concurrent.ConcurrentHashMap$EntrySetView (java.base@11.0.20.1)
 378:             4             64  java.util.concurrent.ConcurrentHashMap$ValuesView (java.base@11.0.20.1)
 379:             4             64  java.util.concurrent.atomic.AtomicInteger (java.base@11.0.20.1)
 380:             1             64  java.util.jar.JarFile (java.base@11.0.20.1)
 381:             2             64  java.util.stream.FindOps$FindOp (java.base@11.0.20.1)
 382:             2             64  jdk.internal.loader.URLClassPath$FileLoader$1 (java.base@11.0.20.1)
 383:             4             64  jdk.internal.reflect.ReflectionFactory$GetReflectionFactoryAction (java.base@11.0.20.1)
 384:             2             64  sun.nio.fs.NativeBuffer (java.base@11.0.20.1)
 385:             1             64  sun.nio.fs.WindowsFileAttributes (java.base@11.0.20.1)
 386:             2             64  sun.util.resources.Bundles$2 (java.base@11.0.20.1)
 387:             1             56  [Ljava.nio.file.StandardOpenOption; (java.base@11.0.20.1)
 388:             1             56  [Ljava.util.regex.Pattern$GroupHead; (java.base@11.0.20.1)
 389:             1             56  [[I (java.base@11.0.20.1)
 390:             1             56  java.lang.invoke.BoundMethodHandle$Specializer (java.base@11.0.20.1)
 391:             1             56  java.lang.invoke.BoundMethodHandle$Species_LLLLLL (java.base@11.0.20.1)
 392:             1             56  java.lang.invoke.BoundMethodHandle$Species_LLLLLLI (java.base@11.0.20.1)
 393:             1             56  java.net.SocketInputStream (java.base@11.0.20.1)
 394:             1             56  java.nio.DirectIntBufferU (java.base@11.0.20.1)
 395:             1             56  java.util.concurrent.ConcurrentHashMap$KeyIterator (java.base@11.0.20.1)
 396:             1             56  jdk.internal.ref.CleanerImpl$SoftCleanableRef (java.base@11.0.20.1)
 397:             2             48  [Ljava.util.Enumeration; (java.base@11.0.20.1)
 398:             2             48  [Ljava.util.Locale$Category; (java.base@11.0.20.1)
 399:             1             48  [Ljava.util.concurrent.TimeUnit; (java.base@11.0.20.1)
 400:             1             48  java.io.BufferedReader (java.base@11.0.20.1)
 401:             2             48  java.io.File$PathStatus (java.base@11.0.20.1)
 402:             2             48  java.lang.Class$3 (java.base@11.0.20.1)
 403:             2             48  java.lang.ClassValue$Version (java.base@11.0.20.1)
 404:             2             48  java.lang.CompoundEnumeration (java.base@11.0.20.1)
 405:             2             48  java.lang.RuntimePermission (java.base@11.0.20.1)
 406:             1             48  java.lang.invoke.BoundMethodHandle$Specializer$Factory (java.base@11.0.20.1)
 407:             1             48  java.lang.invoke.BoundMethodHandle$Species_LLLLL (java.base@11.0.20.1)
 408:             2             48  java.lang.invoke.StringConcatFactory$RecipeElement (java.base@11.0.20.1)
 409:             1             48  java.lang.module.Resolver (java.base@11.0.20.1)
 410:             1             48  java.net.SocketCleanable (java.base@11.0.20.1)
 411:             3             48  java.nio.charset.CodingErrorAction (java.base@11.0.20.1)
 412:             2             48  java.security.Permissions$1 (java.base@11.0.20.1)
 413:             2             48  java.util.Date (java.base@11.0.20.1)
 414:             3             48  java.util.HashMap$Values (java.base@11.0.20.1)
 415:             3             48  java.util.ResourceBundle$NoFallbackControl (java.base@11.0.20.1)
 416:             1             48  java.util.concurrent.ConcurrentSkipListMap (java.base@11.0.20.1)
 417:             3             48  java.util.regex.Pattern$$Lambda$14/0x0000000800099840 (java.base@11.0.20.1)
 418:             3             48  java.util.regex.Pattern$$Lambda$17/0x000000080009a440 (java.base@11.0.20.1)
 419:             2             48  java.util.regex.Pattern$$Lambda$18/0x000000080009a840 (java.base@11.0.20.1)
 420:             2             48  java.util.regex.Pattern$$Lambda$19/0x000000080009ac40 (java.base@11.0.20.1)
 421:             3             48  java.util.regex.Pattern$BitClass$$Lambda$16/0x000000080009a040 (java.base@11.0.20.1)
 422:             2             48  java.util.stream.ReferencePipeline$3$1 (java.base@11.0.20.1)
 423:             3             48  java.util.zip.CRC32 (java.base@11.0.20.1)
 424:             1             48  jdk.internal.jimage.ImageHeader (java.base@11.0.20.1)
 425:             2             48  jdk.internal.loader.URLClassPath$3 (java.base@11.0.20.1)
 426:             1             48  jdk.internal.loader.URLClassPath$JarLoader (java.base@11.0.20.1)
 427:             2             48  jdk.internal.misc.Signal (java.base@11.0.20.1)
 428:             2             48  jdk.internal.misc.Signal$NativeHandler (java.base@11.0.20.1)
 429:             3             48  jdk.internal.module.ServicesCatalog (java.base@11.0.20.1)
 430:             1             48  jdk.internal.ref.CleanerImpl$WeakCleanableRef (java.base@11.0.20.1)
 431:             3             48  jdk.internal.reflect.DelegatingMethodAccessorImpl (java.base@11.0.20.1)
 432:             1             48  sun.nio.cs.StreamDecoder (java.base@11.0.20.1)
 433:             2             48  sun.nio.cs.Surrogate$Parser (java.base@11.0.20.1)
 434:             2             48  sun.nio.fs.NativeBuffer$Deallocator (java.base@11.0.20.1)
 435:             3             48  sun.util.resources.LocaleData (java.base@11.0.20.1)
 436:             1             48  sun.util.resources.TimeZoneNames (java.base@11.0.20.1)
 437:             1             48  sun.util.resources.TimeZoneNames_en (java.base@11.0.20.1)
 438:             1             48  sun.util.resources.cldr.TimeZoneNames (java.base@11.0.20.1)
 439:             1             48  sun.util.resources.cldr.TimeZoneNames_en (java.base@11.0.20.1)
 440:             1             40  [Lsun.nio.fs.WindowsPathType; (java.base@11.0.20.1)
 441:             1             40  [[Ljava.lang.invoke.LambdaForm$Name; (java.base@11.0.20.1)
 442:             1             40  java.lang.ArithmeticException (java.base@11.0.20.1)
 443:             1             40  java.lang.InternalError (java.base@11.0.20.1)
 444:             1             40  java.lang.NullPointerException (java.base@11.0.20.1)
 445:             1             40  java.lang.Package$VersionInfo (java.base@11.0.20.1)
 446:             1             40  java.lang.invoke.BoundMethodHandle$Species_LLL (java.base@11.0.20.1)
 447:             1             40  java.lang.invoke.DirectMethodHandle$Interface (java.base@11.0.20.1)
 448:             1             40  java.lang.invoke.MethodHandleImpl$AsVarargsCollector (java.base@11.0.20.1)
 449:             1             40  java.time.zone.ZoneRules (java.base@11.0.20.1)
 450:             1             40  java.util.IdentityHashMap (java.base@11.0.20.1)
 451:             1             40  java.util.Properties$LineReader (java.base@11.0.20.1)
 452:             1             40  java.util.ResourceBundle$2 (java.base@11.0.20.1)
 453:             1             40  java.util.zip.ZipFile$Source$End (java.base@11.0.20.1)
 454:             1             40  jdk.internal.loader.URLClassPath (java.base@11.0.20.1)
 455:             1             40  jdk.internal.ref.CleanerImpl$CleanerCleanable (java.base@11.0.20.1)
 456:             1             40  sun.nio.cs.StandardCharsets$Aliases (java.base@11.0.20.1)
 457:             1             40  sun.nio.cs.StandardCharsets$Cache (java.base@11.0.20.1)
 458:             1             40  sun.nio.cs.StandardCharsets$Classes (java.base@11.0.20.1)
 459:             1             40  sun.nio.cs.US_ASCII$Decoder (java.base@11.0.20.1)
 460:             1             40  sun.nio.cs.UTF_8$Decoder (java.base@11.0.20.1)
 461:             1             40  sun.text.resources.cldr.FormatData (java.base@11.0.20.1)
 462:             1             40  sun.text.resources.cldr.ext.FormatData_ko (jdk.localedata@11.0.20.1)
 463:             1             40  sun.util.resources.Bundles$1 (java.base@11.0.20.1)
 464:             1             32  [Ljava.lang.OutOfMemoryError; (java.base@11.0.20.1)
 465:             2             32  [Ljava.lang.StackTraceElement; (java.base@11.0.20.1)
 466:             1             32  [Ljava.lang.ThreadGroup; (java.base@11.0.20.1)
 467:             2             32  [Ljava.lang.annotation.Annotation; (java.base@11.0.20.1)
 468:             1             32  [Ljava.lang.module.ModuleDescriptor$Modifier; (java.base@11.0.20.1)
 469:             1             32  [Ljava.lang.module.ModuleDescriptor$Requires$Modifier; (java.base@11.0.20.1)
 470:             1             32  [Ljava.net.Proxy$Type; (java.base@11.0.20.1)
 471:             1             32  [Ljava.util.regex.Pattern$Qtype; (java.base@11.0.20.1)
 472:             1             32  [Ljava.util.stream.StreamShape; (java.base@11.0.20.1)
 473:             1             32  [Ljdk.internal.module.IllegalAccessLogger$Mode; (java.base@11.0.20.1)
 474:             1             32  [Lsun.nio.fs.NativeBuffer; (java.base@11.0.20.1)
 475:             1             32  java.io.RandomAccessFile (java.base@11.0.20.1)
 476:             1             32  java.io.WinNTFileSystem (java.base@11.0.20.1)
 477:             2             32  java.lang.Boolean (java.base@11.0.20.1)
 478:             2             32  java.lang.ClassValue$Identity (java.base@11.0.20.1)
 479:             1             32  java.lang.invoke.VarHandleInts$FieldInstanceReadWrite (java.base@11.0.20.1)
 480:             1             32  java.lang.module.ModuleDescriptor$Version (java.base@11.0.20.1)
 481:             1             32  java.net.InetAddress$InetAddressHolder (java.base@11.0.20.1)
 482:             1             32  java.net.Socket (java.base@11.0.20.1)
 483:             2             32  java.nio.ByteOrder (java.base@11.0.20.1)
 484:             1             32  java.util.Formatter (java.base@11.0.20.1)
 485:             2             32  java.util.ResourceBundle$SingleFormatControl (java.base@11.0.20.1)
 486:             1             32  java.util.Spliterators$ArraySpliterator (java.base@11.0.20.1)
 487:             2             32  java.util.WeakHashMap$KeySet (java.base@11.0.20.1)
 488:             1             32  java.util.jar.Manifest$FastInputStream (java.base@11.0.20.1)
 489:             1             32  java.util.stream.Collectors$CollectorImpl (java.base@11.0.20.1)
 490:             1             32  java.util.stream.ReduceOps$3 (java.base@11.0.20.1)
 491:             1             32  java.util.stream.ReduceOps$3ReducingSink (java.base@11.0.20.1)
 492:             1             32  java.util.zip.ZipFile$CleanableResource (java.base@11.0.20.1)
 493:             2             32  jdk.internal.loader.ClassLoaderValue (java.base@11.0.20.1)
 494:             1             32  jdk.internal.loader.URLClassPath$1 (java.base@11.0.20.1)
 495:             1             32  jdk.internal.module.IllegalAccessLogger (java.base@11.0.20.1)
 496:             1             32  jdk.internal.module.IllegalAccessLogger$Builder (java.base@11.0.20.1)
 497:             1             32  jdk.internal.ref.CleanerImpl (java.base@11.0.20.1)
 498:             2             32  jdk.internal.reflect.ConstantPool (java.base@11.0.20.1)
 499:             1             32  sun.instrument.InstrumentationImpl (java.instrument@11.0.20.1)
 500:             1             32  sun.net.spi.DefaultProxySelector$4 (java.base@11.0.20.1)
 501:             1             32  sun.nio.cs.StandardCharsets (java.base@11.0.20.1)
 502:             2             32  sun.util.resources.cldr.provider.CLDRLocaleDataMetaInfo (jdk.localedata@11.0.20.1)
 503:             1             24  [Ljava.io.File$PathStatus; (java.base@11.0.20.1)
 504:             1             24  [Ljava.net.InetAddress; (java.base@11.0.20.1)
 505:             1             24  java.io.InputStreamReader (java.base@11.0.20.1)
 506:             1             24  java.lang.Double (java.base@11.0.20.1)
 507:             1             24  java.lang.invoke.MethodType$ConcurrentWeakInternSet (java.base@11.0.20.1)
 508:             1             24  java.lang.invoke.StringConcatFactory$Stringifiers$StringifierAny (java.base@11.0.20.1)
 509:             1             24  java.lang.invoke.StringConcatFactory$Stringifiers$StringifierMost (java.base@11.0.20.1)
 510:             1             24  java.lang.reflect.ReflectPermission (java.base@11.0.20.1)
 511:             1             24  java.net.Inet4Address (java.base@11.0.20.1)
 512:             1             24  java.net.Inet6AddressImpl (java.base@11.0.20.1)
 513:             1             24  java.net.InetSocketAddress$InetSocketAddressHolder (java.base@11.0.20.1)
 514:             1             24  java.net.Proxy (java.base@11.0.20.1)
 515:             1             24  java.time.ZoneRegion (java.base@11.0.20.1)
 516:             1             24  java.time.zone.TzdbZoneRulesProvider (java.base@11.0.20.1)
 517:             1             24  java.util.Collections$EmptyMap (java.base@11.0.20.1)
 518:             1             24  java.util.Collections$UnmodifiableRandomAccessList (java.base@11.0.20.1)
 519:             1             24  java.util.Locale$Cache (java.base@11.0.20.1)
 520:             1             24  java.util.ResourceBundle$Control$CandidateListCache (java.base@11.0.20.1)
 521:             1             24  java.util.Spliterators$1Adapter (java.base@11.0.20.1)
 522:             1             24  java.util.concurrent.ConcurrentHashMap$KeySetView (java.base@11.0.20.1)
 523:             1             24  java.util.jar.Manifest (java.base@11.0.20.1)
 524:             1             24  java.util.regex.Pattern$Start (java.base@11.0.20.1)
 525:             1             24  java.util.regex.Pattern$TreeInfo (java.base@11.0.20.1)
 526:             1             24  java.util.zip.ZipCoder$UTF8 (java.base@11.0.20.1)
 527:             1             24  java.util.zip.ZipFile$Source$Key (java.base@11.0.20.1)
 528:             1             24  jdk.internal.jimage.ImageReader (java.base@11.0.20.1)
 529:             1             24  jdk.internal.loader.FileURLMapper (java.base@11.0.20.1)
 530:             1             24  jdk.internal.loader.URLClassPath$FileLoader (java.base@11.0.20.1)
 531:             1             24  jdk.internal.module.ModuleBootstrap$SafeModuleFinder (java.base@11.0.20.1)
 532:             1             24  jdk.internal.module.ModuleHashes (java.base@11.0.20.1)
 533:             1             24  jdk.internal.module.ModuleHashes$Builder (java.base@11.0.20.1)
 534:             1             24  jdk.internal.module.SystemModuleFinders$SystemModuleFinder (java.base@11.0.20.1)
 535:             1             24  sun.instrument.InstrumentationImpl$1 (java.instrument@11.0.20.1)
 536:             1             24  sun.instrument.TransformerManager (java.instrument@11.0.20.1)
 537:             1             24  sun.nio.cs.ISO_8859_1 (java.base@11.0.20.1)
 538:             1             24  sun.nio.cs.MS949 (java.base@11.0.20.1)
 539:             1             24  sun.nio.cs.ThreadLocalCoders$1 (java.base@11.0.20.1)
 540:             1             24  sun.nio.cs.ThreadLocalCoders$2 (java.base@11.0.20.1)
 541:             1             24  sun.nio.cs.US_ASCII (java.base@11.0.20.1)
 542:             1             24  sun.nio.cs.UTF_16 (java.base@11.0.20.1)
 543:             1             24  sun.nio.cs.UTF_16BE (java.base@11.0.20.1)
 544:             1             24  sun.nio.cs.UTF_16LE (java.base@11.0.20.1)
 545:             1             24  sun.nio.cs.UTF_8 (java.base@11.0.20.1)
 546:             1             24  sun.nio.fs.WindowsFileAttributeViews$Basic (java.base@11.0.20.1)
 547:             1             24  sun.nio.fs.WindowsFileSystem (java.base@11.0.20.1)
 548:             1             24  sun.util.cldr.CLDRTimeZoneNameProviderImpl (java.base@11.0.20.1)
 549:             1             24  sun.util.locale.BaseLocale$Cache (java.base@11.0.20.1)
 550:             1             24  sun.util.locale.provider.DecimalFormatSymbolsProviderImpl (java.base@11.0.20.1)
 551:             1             24  sun.util.locale.provider.LocaleServiceProviderPool (java.base@11.0.20.1)
 552:             1             24  sun.util.locale.provider.TimeZoneNameProviderImpl (java.base@11.0.20.1)
 553:             1             16  [F (java.base@11.0.20.1)
 554:             1             16  [Ljava.lang.Throwable; (java.base@11.0.20.1)
 555:             1             16  [Ljava.nio.file.LinkOption; (java.base@11.0.20.1)
 556:             1             16  [Ljava.nio.file.Path; (java.base@11.0.20.1)
 557:             1             16  [Ljava.security.cert.Certificate; (java.base@11.0.20.1)
 558:             1             16  [Ljava.time.zone.ZoneOffsetTransitionRule; (java.base@11.0.20.1)
 559:             1             16  [Lsun.instrument.TransformerManager$TransformerInfo; (java.instrument@11.0.20.1)
 560:             1             16  [Lsun.util.calendar.ZoneInfoFile$ZoneOffsetTransitionRule; (java.base@11.0.20.1)
 561:             1             16  java.io.FileDescriptor$1 (java.base@11.0.20.1)
 562:             1             16  java.io.RandomAccessFile$2 (java.base@11.0.20.1)
 563:             1             16  java.lang.CharacterDataLatin1 (java.base@11.0.20.1)
 564:             1             16  java.lang.Float (java.base@11.0.20.1)
 565:             1             16  java.lang.ModuleLayer$$Lambda$25/0x000000080009e440 (java.base@11.0.20.1)
 566:             1             16  java.lang.ModuleLayer$Controller (java.base@11.0.20.1)
 567:             1             16  java.lang.Runtime (java.base@11.0.20.1)
 568:             1             16  java.lang.String$CaseInsensitiveComparator (java.base@11.0.20.1)
 569:             1             16  java.lang.StringCoding$1 (java.base@11.0.20.1)
 570:             1             16  java.lang.System$2 (java.base@11.0.20.1)
 571:             1             16  java.lang.Terminator$1 (java.base@11.0.20.1)
 572:             1             16  java.lang.invoke.ClassSpecializer$1 (java.base@11.0.20.1)
 573:             1             16  java.lang.invoke.MemberName$Factory (java.base@11.0.20.1)
 574:             1             16  java.lang.invoke.MethodHandleImpl$1 (java.base@11.0.20.1)
 575:             1             16  java.lang.invoke.StringConcatFactory$MethodHandleInlineCopyStrategy$1 (java.base@11.0.20.1)
 576:             1             16  java.lang.invoke.StringConcatFactory$MethodHandleInlineCopyStrategy$2 (java.base@11.0.20.1)
 577:             1             16  java.lang.invoke.StringConcatFactory$MethodHandleInlineCopyStrategy$3 (java.base@11.0.20.1)
 578:             1             16  java.lang.invoke.StringConcatFactory$Recipe (java.base@11.0.20.1)
 579:             1             16  java.lang.invoke.VarHandle$1 (java.base@11.0.20.1)
 580:             1             16  java.lang.module.ModuleDescriptor$1 (java.base@11.0.20.1)
 581:             1             16  java.lang.module.ModuleFinder$1 (java.base@11.0.20.1)
 582:             1             16  java.lang.ref.Cleaner (java.base@11.0.20.1)
 583:             1             16  java.lang.ref.Cleaner$1 (java.base@11.0.20.1)
 584:             1             16  java.lang.ref.Reference$1 (java.base@11.0.20.1)
 585:             1             16  java.lang.reflect.ReflectAccess (java.base@11.0.20.1)
 586:             1             16  java.net.AbstractPlainSocketImpl$1 (java.base@11.0.20.1)
 587:             1             16  java.net.InetAddress$1 (java.base@11.0.20.1)
 588:             1             16  java.net.InetAddress$2 (java.base@11.0.20.1)
 589:             1             16  java.net.InetAddress$PlatformNameService (java.base@11.0.20.1)
 590:             1             16  java.net.InetSocketAddress (java.base@11.0.20.1)
 591:             1             16  java.net.Socket$2 (java.base@11.0.20.1)
 592:             1             16  java.net.SocksSocketImpl$3 (java.base@11.0.20.1)
 593:             1             16  java.net.URI$1 (java.base@11.0.20.1)
 594:             1             16  java.net.URL$3 (java.base@11.0.20.1)
 595:             1             16  java.net.URL$DefaultFactory (java.base@11.0.20.1)
 596:             1             16  java.nio.Bits$1 (java.base@11.0.20.1)
 597:             1             16  java.nio.Buffer$1 (java.base@11.0.20.1)
 598:             1             16  java.nio.file.FileSystems$DefaultFileSystemHolder$1 (java.base@11.0.20.1)
 599:             1             16  java.security.ProtectionDomain$JavaSecurityAccessImpl (java.base@11.0.20.1)
 600:             1             16  java.time.zone.ZoneRulesProvider$1 (java.base@11.0.20.1)
 601:             1             16  java.util.Collections$EmptyEnumeration (java.base@11.0.20.1)
 602:             1             16  java.util.Collections$EmptyIterator (java.base@11.0.20.1)
 603:             1             16  java.util.Collections$EmptyList (java.base@11.0.20.1)
 604:             1             16  java.util.Collections$EmptySet (java.base@11.0.20.1)
 605:             1             16  java.util.Collections$SingletonSet (java.base@11.0.20.1)
 606:             1             16  java.util.EnumMap$1 (java.base@11.0.20.1)
 607:             1             16  java.util.IdentityHashMap$KeySet (java.base@11.0.20.1)
 608:             1             16  java.util.LinkedHashSet (java.base@11.0.20.1)
 609:             1             16  java.util.ResourceBundle$1 (java.base@11.0.20.1)
 610:             1             16  java.util.ResourceBundle$Control (java.base@11.0.20.1)
 611:             1             16  java.util.Spliterators$EmptySpliterator$OfDouble (java.base@11.0.20.1)
 612:             1             16  java.util.Spliterators$EmptySpliterator$OfInt (java.base@11.0.20.1)
 613:             1             16  java.util.Spliterators$EmptySpliterator$OfLong (java.base@11.0.20.1)
 614:             1             16  java.util.Spliterators$EmptySpliterator$OfRef (java.base@11.0.20.1)
 615:             1             16  java.util.concurrent.ConcurrentSkipListSet (java.base@11.0.20.1)
 616:             1             16  java.util.concurrent.atomic.AtomicBoolean (java.base@11.0.20.1)
 617:             1             16  java.util.jar.Attributes (java.base@11.0.20.1)
 618:             1             16  java.util.jar.JavaUtilJarAccessImpl (java.base@11.0.20.1)
 619:             1             16  java.util.regex.CharPredicates$$Lambda$15/0x0000000800099c40 (java.base@11.0.20.1)
 620:             1             16  java.util.regex.Pattern$1 (java.base@11.0.20.1)
 621:             1             16  java.util.regex.Pattern$LastNode (java.base@11.0.20.1)
 622:             1             16  java.util.regex.Pattern$Node (java.base@11.0.20.1)
 623:             1             16  java.util.stream.Collectors$$Lambda$5/0x0000000800061440 (java.base@11.0.20.1)
 624:             1             16  java.util.stream.Collectors$$Lambda$6/0x0000000800061840 (java.base@11.0.20.1)
 625:             1             16  java.util.stream.Collectors$$Lambda$7/0x0000000800061c40 (java.base@11.0.20.1)
 626:             1             16  java.util.stream.Collectors$$Lambda$8/0x0000000800062040 (java.base@11.0.20.1)
 627:             1             16  java.util.stream.FindOps$FindSink$OfRef$$Lambda$10/0x0000000800062840 (java.base@11.0.20.1)
 628:             1             16  java.util.stream.FindOps$FindSink$OfRef$$Lambda$11/0x0000000800062c40 (java.base@11.0.20.1)
 629:             1             16  java.util.stream.FindOps$FindSink$OfRef$$Lambda$12/0x0000000800063040 (java.base@11.0.20.1)
 630:             1             16  java.util.stream.FindOps$FindSink$OfRef$$Lambda$13/0x0000000800063440 (java.base@11.0.20.1)
 631:             1             16  java.util.zip.ZipFile$1 (java.base@11.0.20.1)
 632:             1             16  jdk.internal.jimage.ImageReaderFactory$1 (java.base@11.0.20.1)
 633:             1             16  jdk.internal.jimage.ImageStringsReader (java.base@11.0.20.1)
 634:             1             16  jdk.internal.jimage.NativeImageBuffer$1 (java.base@11.0.20.1)
 635:             1             16  jdk.internal.jimage.decompressor.Decompressor (java.base@11.0.20.1)
 636:             1             16  jdk.internal.loader.URLClassPath$JarLoader$1 (java.base@11.0.20.1)
 637:             1             16  jdk.internal.misc.TerminatingThreadLocal$1 (java.base@11.0.20.1)
 638:             1             16  jdk.internal.misc.Unsafe (java.base@11.0.20.1)
 639:             1             16  jdk.internal.module.DefaultRoots$$Lambda$1/0x0000000800060040 (java.base@11.0.20.1)
 640:             1             16  jdk.internal.module.DefaultRoots$$Lambda$2/0x0000000800060840 (java.base@11.0.20.1)
 641:             1             16  jdk.internal.module.DefaultRoots$$Lambda$3/0x0000000800060c40 (java.base@11.0.20.1)
 642:             1             16  jdk.internal.module.DefaultRoots$$Lambda$4/0x0000000800061040 (java.base@11.0.20.1)
 643:             1             16  jdk.internal.module.DefaultRoots$$Lambda$9/0x0000000800062440 (java.base@11.0.20.1)
 644:             1             16  jdk.internal.module.ModuleLoaderMap$Mapper (java.base@11.0.20.1)
 645:             1             16  jdk.internal.module.ModulePatcher (java.base@11.0.20.1)
 646:             1             16  jdk.internal.module.ModuleTarget (java.base@11.0.20.1)
 647:             1             16  jdk.internal.module.SystemModules$all (java.base@11.0.20.1)
 648:             1             16  jdk.internal.perf.Perf (java.base@11.0.20.1)
 649:             1             16  jdk.internal.perf.Perf$GetPerfAction (java.base@11.0.20.1)
 650:             1             16  jdk.internal.ref.CleanerFactory$1 (java.base@11.0.20.1)
 651:             1             16  jdk.internal.reflect.ReflectionFactory (java.base@11.0.20.1)
 652:             1             16  jdk.internal.util.Preconditions$1 (java.base@11.0.20.1)
 653:             1             16  sun.net.NetProperties$1 (java.base@11.0.20.1)
 654:             1             16  sun.net.spi.DefaultProxySelector (java.base@11.0.20.1)
 655:             1             16  sun.net.spi.DefaultProxySelector$1 (java.base@11.0.20.1)
 656:             1             16  sun.net.www.protocol.file.Handler (java.base@11.0.20.1)
 657:             1             16  sun.net.www.protocol.jar.Handler (java.base@11.0.20.1)
 658:             1             16  sun.net.www.protocol.jrt.Handler (java.base@11.0.20.1)
 659:             1             16  sun.nio.fs.NativeBuffers$1 (java.base@11.0.20.1)
 660:             1             16  sun.nio.fs.WindowsFileSystemProvider (java.base@11.0.20.1)
 661:             1             16  sun.nio.fs.WindowsNativeDispatcher$1 (java.base@11.0.20.1)
 662:             1             16  sun.security.action.GetBooleanAction (java.base@11.0.20.1)
 663:             1             16  sun.util.calendar.Gregorian (java.base@11.0.20.1)
 664:             1             16  sun.util.calendar.ZoneInfoFile$1 (java.base@11.0.20.1)
 665:             1             16  sun.util.calendar.ZoneInfoFile$Checksum (java.base@11.0.20.1)
 666:             1             16  sun.util.cldr.CLDRBaseLocaleDataMetaInfo (java.base@11.0.20.1)
 667:             1             16  sun.util.cldr.CLDRLocaleProviderAdapter$$Lambda$22/0x000000080009e840 (java.base@11.0.20.1)
 668:             1             16  sun.util.cldr.CLDRLocaleProviderAdapter$1 (java.base@11.0.20.1)
 669:             1             16  sun.util.locale.InternalLocaleBuilder$CaseInsensitiveChar (java.base@11.0.20.1)
 670:             1             16  sun.util.locale.provider.JRELocaleProviderAdapter$$Lambda$20/0x000000080009f040 (java.base@11.0.20.1)
 671:             1             16  sun.util.locale.provider.JRELocaleProviderAdapter$$Lambda$23/0x000000080009ec40 (java.base@11.0.20.1)
 672:             1             16  sun.util.locale.provider.JRELocaleProviderAdapter$$Lambda$24/0x000000080009e040 (java.base@11.0.20.1)
 673:             1             16  sun.util.locale.provider.TimeZoneNameUtility$TimeZoneNameGetter (java.base@11.0.20.1)
 674:             1             16  sun.util.resources.LocaleData$LocaleDataStrategy (java.base@11.0.20.1)
 675:             1             16  sun.util.resources.provider.LocaleDataProvider (jdk.localedata@11.0.20.1)
 676:             1             16  sun.util.resources.provider.NonBaseLocaleDataMetaInfo (jdk.localedata@11.0.20.1)
Total         73709        5203064
